============================= test session starts =============================
collected 1 item

tests/test_main.py .                                             [100%]

============================== 1 passed in 0.10s ==============================
